// Jest Snapshot v1, https://goo.gl/fbAQLP

exports[`LoginPage snapshot 1`] = `
<div>
  <div>
    <h1>
      Log in to your Account
    </h1>
    <form
      class="mx-auto"
      style="max-width: 500px;"
    >
      <div
        class="mb-3"
      >
        <label
          class="form-label"
          for="formGroupEmail"
        >
          Email address
        </label>
        <input
          class="form-control"
          id="formGroupEmail"
          name="email"
          placeholder="Enter email"
          type="email"
          value=""
        />
      </div>
      <div
        class="mb-3"
      >
        <label
          class="form-label"
          for="formGroupPassword"
        >
          Password
        </label>
        <input
          class="form-control"
          id="formGroupPassword"
          name="password"
          placeholder="Enter Password"
          type="password"
          value=""
        />
      </div>
      <div
        class="d-flex align-items-center justify-content-end"
      >
        <label
          class="form-label"
        >
          Keep me logged in
        </label>
        <div
          class="mx-3 form-switch"
        >
          <input
            class="form-check-input"
            type="checkbox"
          />
        </div>
      </div>
      <button
        class="btn btn-primary"
        disabled=""
        type="Submit"
      >
        Log in
      </button>
    </form>
  </div>
</div>
`;
